{
    "version": 3,
    "file": "sample_01_c.js",
    "sources": [
        "sample_01.coffee"
    ],
    "names": [],
    "mappings": ";AAAA;;GAAY,MAAZ;CACY,EAAR,IAAO,EAAP;CADQ;;AAGZ,CAHA,QAGA",
    "sourcesContent": [
        "sample_01 = ->\n    console.log \"->sample_01\"\n\nsample_01()"
    ]
}