{
    "version": 3,
    "file": "sample_01_02_c.js",
    "sources": [
        "node_modules/browserify/node_modules/browser-pack/_prelude.js",
        "sample_01.js",
        "sample_02.js"
    ],
    "names": [],
    "mappings": "CAAA,6bCCA,aAEA,sBACA,kCAGA,kBACA,oCCPA,aAEA,sBACA,kCAGA,uBACA",
    "sourcesContent": [
        "(function e(t,n,r){function s(o,u){if(!n[o]){if(!t[o]){var a=typeof require==\"function\"&&require;if(!u&&a)return a(o,!0);if(i)return i(o,!0);throw new Error(\"Cannot find module '\"+o+\"'\")}var f=n[o]={exports:{}};t[o][0].call(f.exports,function(e){var n=t[o][1][e];return s(n?n:e)},f,f.exports,e,t,n,r)}return n[o].exports}var i=typeof require==\"function\"&&require;for(var o=0;o<r.length;o++)s(r[o]);return s})",
        "// Generated by CoffeeScript 1.6.3\nvar sample_01;\n\nsample_01 = function() {\n  return console.log(\"->sample_01\");\n};\n\nsample_01();\n",
        "// Generated by CoffeeScript 1.6.3\nvar sample_02;\n\nsample_02 = function() {\n  return console.log(\"->sample_02\");\n};\n\nsample_02();\n"
    ]
}