{
    "version": 3,
    "file": "sample_01_c.js",
    "sources": [
        "sample_01.js"
    ],
    "names": [],
    "mappings": "AAAA;AACA;AACA;AACA;AACA;AACA;AACA;AACA",
    "sourcesContent": [
        "// Generated by CoffeeScript 1.6.3\nvar sample_01;\n\nsample_01 = function() {\n  return console.log(\"->sample_01\");\n};\n\nsample_01();\n"
    ]
}