{
    "version": 3,
    "file": "sample_01_02_c.js",
    "sources": [
        "sample_01.js",
        "sample_02.js"
    ],
    "names": [],
    "mappings": ";AAAA;AACA;AACA;AACA;AACA;AACA;AACA;AACA;AACA;;ACRA;AACA;AACA;AACA;AACA;AACA;AACA;AACA;AACA",
    "sourcesContent": [
        "// Generated by CoffeeScript 1.6.3\nvar sample_01;\n\nsample_01 = function() {\n  return console.log(\"->sample_01\");\n};\n\nsample_01();\n",
        "// Generated by CoffeeScript 1.6.3\nvar sample_02;\n\nsample_02 = function() {\n  return console.log(\"->sample_02\");\n};\n\nsample_02();\n"
    ]
}